---
source: tests/ir_tests.rs
expression: json
---
{
  "min": 1,
  "max": 1
}
