---
source: tests/ir_tests.rs
expression: json
---
{
  "strength": "Example",
  "value_set": "http://example.org/ValueSet/test",
  "description": "Test binding"
}
