---
source: tests/template_tests.rs
expression: output
---
{
  id?: string;
  value: number;
}
