---
source: tests/template_tests.rs
expression: output
---
/**
 * Simple comment
 */
