---
source: tests/template_tests.rs
expression: output
---
export interface User {
  id?: string;
  name: string;
}
