---
source: tests/typescript_backend_tests.rs
expression: output
---
export type Status = "active" | "inactive";
